Archive member included to satisfy reference by file (symbol)

/usr/lib/libc_nonshared.a(elf-init.oS)
                              /usr/lib/gcc/x86_64-pc-linux-gnu/6.3.1/../../../../lib/crt1.o (__libc_csu_init)

Discarded input sections

 .note.GNU-stack
                0x0000000000000000        0x0 /usr/lib/gcc/x86_64-pc-linux-gnu/6.3.1/../../../../lib/crt1.o
 .note.GNU-stack
                0x0000000000000000        0x0 /usr/lib/gcc/x86_64-pc-linux-gnu/6.3.1/../../../../lib/crti.o
 .note.GNU-stack
                0x0000000000000000        0x0 /usr/lib/gcc/x86_64-pc-linux-gnu/6.3.1/crtbegin.o
 .note.GNU-stack
                0x0000000000000000        0x0 /tmp/cciYxPm6.o
 .note.GNU-stack
                0x0000000000000000        0x0 /usr/lib/libc_nonshared.a(elf-init.oS)
 .note.GNU-stack
                0x0000000000000000        0x0 /usr/lib/gcc/x86_64-pc-linux-gnu/6.3.1/crtend.o
 .note.GNU-stack
                0x0000000000000000        0x0 /usr/lib/gcc/x86_64-pc-linux-gnu/6.3.1/../../../../lib/crtn.o

Memory Configuration

Name             Origin             Length             Attributes
*default*        0x0000000000000000 0xffffffffffffffff

Linker script and memory map

LOAD /usr/lib/gcc/x86_64-pc-linux-gnu/6.3.1/../../../../lib/crt1.o
LOAD /usr/lib/gcc/x86_64-pc-linux-gnu/6.3.1/../../../../lib/crti.o
LOAD /usr/lib/gcc/x86_64-pc-linux-gnu/6.3.1/crtbegin.o
LOAD /tmp/cciYxPm6.o
LOAD ./libfruit.so
LOAD /usr/lib/gcc/x86_64-pc-linux-gnu/6.3.1/libgcc.a
LOAD /usr/lib/gcc/x86_64-pc-linux-gnu/6.3.1/../../../../lib/libgcc_s.so
START GROUP
LOAD /usr/lib/gcc/x86_64-pc-linux-gnu/6.3.1/../../../../lib/libgcc_s.so.1
LOAD /usr/lib/gcc/x86_64-pc-linux-gnu/6.3.1/libgcc.a
END GROUP
LOAD /usr/lib/gcc/x86_64-pc-linux-gnu/6.3.1/../../../../lib/libc.so
START GROUP
LOAD /usr/lib/libc.so.6
LOAD /usr/lib/libc_nonshared.a
LOAD /usr/lib/ld-linux-x86-64.so.2
END GROUP
LOAD /usr/lib/gcc/x86_64-pc-linux-gnu/6.3.1/libgcc.a
LOAD /usr/lib/gcc/x86_64-pc-linux-gnu/6.3.1/../../../../lib/libgcc_s.so
START GROUP
LOAD /usr/lib/gcc/x86_64-pc-linux-gnu/6.3.1/../../../../lib/libgcc_s.so.1
LOAD /usr/lib/gcc/x86_64-pc-linux-gnu/6.3.1/libgcc.a
END GROUP
LOAD /usr/lib/gcc/x86_64-pc-linux-gnu/6.3.1/crtend.o
LOAD /usr/lib/gcc/x86_64-pc-linux-gnu/6.3.1/../../../../lib/crtn.o
                [!provide]                        PROVIDE (__executable_start, SEGMENT_START ("text-segment", 0x400000))
                0x0000000000400238                . = (SEGMENT_START ("text-segment", 0x400000) + SIZEOF_HEADERS)

.interp         0x0000000000400238       0x1c
 *(.interp)
 .interp        0x0000000000400238       0x1c /usr/lib/gcc/x86_64-pc-linux-gnu/6.3.1/../../../../lib/crt1.o

.note.ABI-tag   0x0000000000400254       0x20
 .note.ABI-tag  0x0000000000400254       0x20 /usr/lib/gcc/x86_64-pc-linux-gnu/6.3.1/../../../../lib/crt1.o

.note.gnu.build-id
                0x0000000000400274       0x24
 *(.note.gnu.build-id)
 .note.gnu.build-id
                0x0000000000400274       0x24 /usr/lib/gcc/x86_64-pc-linux-gnu/6.3.1/../../../../lib/crt1.o

.hash
 *(.hash)

.gnu.hash       0x0000000000400298       0x38
 *(.gnu.hash)
 .gnu.hash      0x0000000000400298       0x38 /usr/lib/gcc/x86_64-pc-linux-gnu/6.3.1/../../../../lib/crt1.o

.dynsym         0x00000000004002d0       0xd8
 *(.dynsym)
 .dynsym        0x00000000004002d0       0xd8 /usr/lib/gcc/x86_64-pc-linux-gnu/6.3.1/../../../../lib/crt1.o

.dynstr         0x00000000004003a8       0x78
 *(.dynstr)
 .dynstr        0x00000000004003a8       0x78 /usr/lib/gcc/x86_64-pc-linux-gnu/6.3.1/../../../../lib/crt1.o

.gnu.version    0x0000000000400420       0x12
 *(.gnu.version)
 .gnu.version   0x0000000000400420       0x12 /usr/lib/gcc/x86_64-pc-linux-gnu/6.3.1/../../../../lib/crt1.o

.gnu.version_d  0x0000000000400438        0x0
 *(.gnu.version_d)
 .gnu.version_d
                0x0000000000400438        0x0 /usr/lib/gcc/x86_64-pc-linux-gnu/6.3.1/../../../../lib/crt1.o

.gnu.version_r  0x0000000000400438       0x20
 *(.gnu.version_r)
 .gnu.version_r
                0x0000000000400438       0x20 /usr/lib/gcc/x86_64-pc-linux-gnu/6.3.1/../../../../lib/crt1.o

.rela.dyn       0x0000000000400458       0x30
 *(.rela.init)
 *(.rela.text .rela.text.* .rela.gnu.linkonce.t.*)
 .rela.text     0x0000000000400458        0x0 /usr/lib/gcc/x86_64-pc-linux-gnu/6.3.1/../../../../lib/crt1.o
 *(.rela.fini)
 *(.rela.rodata .rela.rodata.* .rela.gnu.linkonce.r.*)
 *(.rela.data .rela.data.* .rela.gnu.linkonce.d.*)
 .rela.data.rel.ro
                0x0000000000400458        0x0 /usr/lib/gcc/x86_64-pc-linux-gnu/6.3.1/../../../../lib/crt1.o
 *(.rela.tdata .rela.tdata.* .rela.gnu.linkonce.td.*)
 *(.rela.tbss .rela.tbss.* .rela.gnu.linkonce.tb.*)
 *(.rela.ctors)
 *(.rela.dtors)
 *(.rela.got)
 .rela.got      0x0000000000400458       0x30 /usr/lib/gcc/x86_64-pc-linux-gnu/6.3.1/../../../../lib/crt1.o
 *(.rela.bss .rela.bss.* .rela.gnu.linkonce.b.*)
 .rela.bss      0x0000000000400488        0x0 /usr/lib/gcc/x86_64-pc-linux-gnu/6.3.1/../../../../lib/crt1.o
 *(.rela.ldata .rela.ldata.* .rela.gnu.linkonce.l.*)
 *(.rela.lbss .rela.lbss.* .rela.gnu.linkonce.lb.*)
 *(.rela.lrodata .rela.lrodata.* .rela.gnu.linkonce.lr.*)
 *(.rela.ifunc)

.rela.plt       0x0000000000400488       0x18
 *(.rela.plt)
 .rela.plt      0x0000000000400488       0x18 /usr/lib/gcc/x86_64-pc-linux-gnu/6.3.1/../../../../lib/crt1.o
                [!provide]                        PROVIDE (__rela_iplt_start, .)
 *(.rela.iplt)
                [!provide]                        PROVIDE (__rela_iplt_end, .)

.init           0x00000000004004a0       0x17
 *(SORT(.init))
 .init          0x00000000004004a0       0x12 /usr/lib/gcc/x86_64-pc-linux-gnu/6.3.1/../../../../lib/crti.o
                0x00000000004004a0                _init
 .init          0x00000000004004b2        0x5 /usr/lib/gcc/x86_64-pc-linux-gnu/6.3.1/../../../../lib/crtn.o

.plt            0x00000000004004c0       0x20
 *(.plt)
 .plt           0x00000000004004c0       0x20 /usr/lib/gcc/x86_64-pc-linux-gnu/6.3.1/../../../../lib/crt1.o
                0x00000000004004d0                my_lib_function
 *(.iplt)

.plt.got
 *(.plt.got)

.plt.bnd
 *(.plt.bnd)

.text           0x00000000004004e0      0x182
 *(.text.unlikely .text.*_unlikely .text.unlikely.*)
 *(.text.exit .text.exit.*)
 *(.text.startup .text.startup.*)
 *(.text.hot .text.hot.*)
 *(.text .stub .text.* .gnu.linkonce.t.*)
 .text          0x00000000004004e0       0x2b /usr/lib/gcc/x86_64-pc-linux-gnu/6.3.1/../../../../lib/crt1.o
                0x00000000004004e0                _start
 .text          0x000000000040050b        0x0 /usr/lib/gcc/x86_64-pc-linux-gnu/6.3.1/../../../../lib/crti.o
 *fill*         0x000000000040050b        0x5 
 .text          0x0000000000400510       0xc6 /usr/lib/gcc/x86_64-pc-linux-gnu/6.3.1/crtbegin.o
 .text          0x00000000004005d6       0x15 /tmp/cciYxPm6.o
                0x00000000004005d6                main
 *fill*         0x00000000004005eb        0x5 
 .text          0x00000000004005f0       0x72 /usr/lib/libc_nonshared.a(elf-init.oS)
                0x00000000004005f0                __libc_csu_init
                0x0000000000400660                __libc_csu_fini
 .text          0x0000000000400662        0x0 /usr/lib/gcc/x86_64-pc-linux-gnu/6.3.1/crtend.o
 .text          0x0000000000400662        0x0 /usr/lib/gcc/x86_64-pc-linux-gnu/6.3.1/../../../../lib/crtn.o
 *(.gnu.warning)

.fini           0x0000000000400664        0x9
 *(SORT(.fini))
 .fini          0x0000000000400664        0x4 /usr/lib/gcc/x86_64-pc-linux-gnu/6.3.1/../../../../lib/crti.o
                0x0000000000400664                _fini
 .fini          0x0000000000400668        0x5 /usr/lib/gcc/x86_64-pc-linux-gnu/6.3.1/../../../../lib/crtn.o
                [!provide]                        PROVIDE (__etext, .)
                [!provide]                        PROVIDE (_etext, .)
                [!provide]                        PROVIDE (etext, .)

.rodata         0x0000000000400670        0x4
 *(.rodata .rodata.* .gnu.linkonce.r.*)
 .rodata.cst4   0x0000000000400670        0x4 /usr/lib/gcc/x86_64-pc-linux-gnu/6.3.1/../../../../lib/crt1.o
                0x0000000000400670                _IO_stdin_used

.rodata1
 *(.rodata1)

.eh_frame_hdr   0x0000000000400674       0x34
 *(.eh_frame_hdr)
 .eh_frame_hdr  0x0000000000400674       0x34 /usr/lib/gcc/x86_64-pc-linux-gnu/6.3.1/../../../../lib/crt1.o
                0x0000000000400674                __GNU_EH_FRAME_HDR
 *(.eh_frame_entry .eh_frame_entry.*)

.eh_frame       0x00000000004006a8       0xf4
 *(.eh_frame)
 .eh_frame      0x00000000004006a8       0x30 /usr/lib/gcc/x86_64-pc-linux-gnu/6.3.1/../../../../lib/crt1.o
 .eh_frame      0x00000000004006d8       0x40 /usr/lib/gcc/x86_64-pc-linux-gnu/6.3.1/../../../../lib/crt1.o
 .eh_frame      0x0000000000400718       0x20 /tmp/cciYxPm6.o
                                         0x38 (size before relaxing)
 .eh_frame      0x0000000000400738       0x60 /usr/lib/libc_nonshared.a(elf-init.oS)
                                         0x78 (size before relaxing)
 .eh_frame      0x0000000000400798        0x4 /usr/lib/gcc/x86_64-pc-linux-gnu/6.3.1/crtend.o
 *(.eh_frame.*)

.gcc_except_table
 *(.gcc_except_table .gcc_except_table.*)

.gnu_extab
 *(.gnu_extab*)

.exception_ranges
 *(.exception_ranges .exception_ranges*)
                0x0000000000600df8                . = DATA_SEGMENT_ALIGN (CONSTANT (MAXPAGESIZE), CONSTANT (COMMONPAGESIZE))

.eh_frame
 *(.eh_frame)
 *(.eh_frame.*)

.gnu_extab
 *(.gnu_extab)

.gcc_except_table
 *(.gcc_except_table .gcc_except_table.*)

.exception_ranges
 *(.exception_ranges .exception_ranges*)

.tdata
 *(.tdata .tdata.* .gnu.linkonce.td.*)

.tbss
 *(.tbss .tbss.* .gnu.linkonce.tb.*)
 *(.tcommon)

.preinit_array  0x0000000000600df8        0x0
                [!provide]                        PROVIDE (__preinit_array_start, .)
 *(.preinit_array)
                [!provide]                        PROVIDE (__preinit_array_end, .)

.init_array     0x0000000000600df8        0x8
                0x0000000000600df8                PROVIDE (__init_array_start, .)
 *(SORT(.init_array.*) SORT(.ctors.*))
 *(.init_array EXCLUDE_FILE(*crtend?.o *crtend.o *crtbegin?.o *crtbegin.o) .ctors)
 .init_array    0x0000000000600df8        0x8 /usr/lib/gcc/x86_64-pc-linux-gnu/6.3.1/crtbegin.o
                0x0000000000600e00                PROVIDE (__init_array_end, .)

.fini_array     0x0000000000600e00        0x8
                [!provide]                        PROVIDE (__fini_array_start, .)
 *(SORT(.fini_array.*) SORT(.dtors.*))
 *(.fini_array EXCLUDE_FILE(*crtend?.o *crtend.o *crtbegin?.o *crtbegin.o) .dtors)
 .fini_array    0x0000000000600e00        0x8 /usr/lib/gcc/x86_64-pc-linux-gnu/6.3.1/crtbegin.o
                [!provide]                        PROVIDE (__fini_array_end, .)

.ctors
 *crtbegin.o(.ctors)
 *crtbegin?.o(.ctors)
 *(EXCLUDE_FILE(*crtend?.o *crtend.o) .ctors)
 *(SORT(.ctors.*))
 *(.ctors)

.dtors
 *crtbegin.o(.dtors)
 *crtbegin?.o(.dtors)
 *(EXCLUDE_FILE(*crtend?.o *crtend.o) .dtors)
 *(SORT(.dtors.*))
 *(.dtors)

.jcr            0x0000000000600e08        0x8
 *(.jcr)
 .jcr           0x0000000000600e08        0x0 /usr/lib/gcc/x86_64-pc-linux-gnu/6.3.1/crtbegin.o
 .jcr           0x0000000000600e08        0x8 /usr/lib/gcc/x86_64-pc-linux-gnu/6.3.1/crtend.o

.data.rel.ro    0x0000000000600e10        0x0
 *(.data.rel.ro.local* .gnu.linkonce.d.rel.ro.local.*)
 *(.data.rel.ro .data.rel.ro.* .gnu.linkonce.d.rel.ro.*)
 .data.rel.ro   0x0000000000600e10        0x0 /usr/lib/gcc/x86_64-pc-linux-gnu/6.3.1/../../../../lib/crt1.o

.dynamic        0x0000000000600e10      0x1e0
 *(.dynamic)
 .dynamic       0x0000000000600e10      0x1e0 /usr/lib/gcc/x86_64-pc-linux-gnu/6.3.1/../../../../lib/crt1.o
                0x0000000000600e10                _DYNAMIC

.got            0x0000000000600ff0       0x10
 *(.got)
 .got           0x0000000000600ff0       0x10 /usr/lib/gcc/x86_64-pc-linux-gnu/6.3.1/../../../../lib/crt1.o
 *(.igot)
                0x0000000000601fe8                . = DATA_SEGMENT_RELRO_END (., (SIZEOF (.got.plt) >= 0x18)?0x18:0x0)

.got.plt        0x0000000000601000       0x20
 *(.got.plt)
 .got.plt       0x0000000000601000       0x20 /usr/lib/gcc/x86_64-pc-linux-gnu/6.3.1/../../../../lib/crt1.o
                0x0000000000601000                _GLOBAL_OFFSET_TABLE_
 *(.igot.plt)

.data           0x0000000000601020       0x10
 *(.data .data.* .gnu.linkonce.d.*)
 .data          0x0000000000601020        0x4 /usr/lib/gcc/x86_64-pc-linux-gnu/6.3.1/../../../../lib/crt1.o
                0x0000000000601020                data_start
                0x0000000000601020                __data_start
 .data          0x0000000000601024        0x0 /usr/lib/gcc/x86_64-pc-linux-gnu/6.3.1/../../../../lib/crti.o
 *fill*         0x0000000000601024        0x4 
 .data          0x0000000000601028        0x8 /usr/lib/gcc/x86_64-pc-linux-gnu/6.3.1/crtbegin.o
                0x0000000000601028                __dso_handle
 .data          0x0000000000601030        0x0 /tmp/cciYxPm6.o
 .data          0x0000000000601030        0x0 /usr/lib/libc_nonshared.a(elf-init.oS)
 .data          0x0000000000601030        0x0 /usr/lib/gcc/x86_64-pc-linux-gnu/6.3.1/crtend.o
 .data          0x0000000000601030        0x0 /usr/lib/gcc/x86_64-pc-linux-gnu/6.3.1/../../../../lib/crtn.o

.tm_clone_table
                0x0000000000601030        0x0
 .tm_clone_table
                0x0000000000601030        0x0 /usr/lib/gcc/x86_64-pc-linux-gnu/6.3.1/crtbegin.o
 .tm_clone_table
                0x0000000000601030        0x0 /usr/lib/gcc/x86_64-pc-linux-gnu/6.3.1/crtend.o

.data1
 *(.data1)
                0x0000000000601030                _edata = .
                [!provide]                        PROVIDE (edata, .)
                0x0000000000601030                . = .
                0x0000000000601030                __bss_start = .

.bss            0x0000000000601030        0x8
 *(.dynbss)
 .dynbss        0x0000000000601030        0x0 /usr/lib/gcc/x86_64-pc-linux-gnu/6.3.1/../../../../lib/crt1.o
 *(.bss .bss.* .gnu.linkonce.b.*)
 .bss           0x0000000000601030        0x0 /usr/lib/gcc/x86_64-pc-linux-gnu/6.3.1/../../../../lib/crt1.o
 .bss           0x0000000000601030        0x0 /usr/lib/gcc/x86_64-pc-linux-gnu/6.3.1/../../../../lib/crti.o
 .bss           0x0000000000601030        0x1 /usr/lib/gcc/x86_64-pc-linux-gnu/6.3.1/crtbegin.o
 .bss           0x0000000000601031        0x0 /tmp/cciYxPm6.o
 .bss           0x0000000000601031        0x0 /usr/lib/libc_nonshared.a(elf-init.oS)
 .bss           0x0000000000601031        0x0 /usr/lib/gcc/x86_64-pc-linux-gnu/6.3.1/crtend.o
 .bss           0x0000000000601031        0x0 /usr/lib/gcc/x86_64-pc-linux-gnu/6.3.1/../../../../lib/crtn.o
 *(COMMON)
                0x0000000000601038                . = ALIGN ((. != 0x0)?0x8:0x1)
 *fill*         0x0000000000601031        0x7 

.lbss
 *(.dynlbss)
 *(.lbss .lbss.* .gnu.linkonce.lb.*)
 *(LARGE_COMMON)
                0x0000000000601038                . = ALIGN (0x8)
                0x0000000000601038                . = SEGMENT_START ("ldata-segment", .)

.lrodata
 *(.lrodata .lrodata.* .gnu.linkonce.lr.*)

.ldata          0x0000000000a01038        0x0
 *(.ldata .ldata.* .gnu.linkonce.l.*)
                0x0000000000a01038                . = ALIGN ((. != 0x0)?0x8:0x1)
                0x0000000000a01038                . = ALIGN (0x8)
                0x0000000000a01038                _end = .
                [!provide]                        PROVIDE (end, .)
                0x0000000000a01038                . = DATA_SEGMENT_END (.)

.stab
 *(.stab)

.stabstr
 *(.stabstr)

.stab.excl
 *(.stab.excl)

.stab.exclstr
 *(.stab.exclstr)

.stab.index
 *(.stab.index)

.stab.indexstr
 *(.stab.indexstr)

.comment        0x0000000000000000       0x1a
 *(.comment)
 .comment       0x0000000000000000       0x1a /usr/lib/gcc/x86_64-pc-linux-gnu/6.3.1/../../../../lib/crt1.o
                                         0x1b (size before relaxing)
 .comment       0x000000000000001a       0x1b /usr/lib/gcc/x86_64-pc-linux-gnu/6.3.1/crtbegin.o
 .comment       0x000000000000001a       0x1b /tmp/cciYxPm6.o
 .comment       0x000000000000001a       0x1b /usr/lib/libc_nonshared.a(elf-init.oS)
 .comment       0x000000000000001a       0x1b /usr/lib/gcc/x86_64-pc-linux-gnu/6.3.1/crtend.o

.debug
 *(.debug)

.line
 *(.line)

.debug_srcinfo
 *(.debug_srcinfo)

.debug_sfnames
 *(.debug_sfnames)

.debug_aranges
 *(.debug_aranges)

.debug_pubnames
 *(.debug_pubnames)

.debug_info
 *(.debug_info .gnu.linkonce.wi.*)

.debug_abbrev
 *(.debug_abbrev)

.debug_line
 *(.debug_line .debug_line.* .debug_line_end)

.debug_frame
 *(.debug_frame)

.debug_str
 *(.debug_str)

.debug_loc
 *(.debug_loc)

.debug_macinfo
 *(.debug_macinfo)

.debug_weaknames
 *(.debug_weaknames)

.debug_funcnames
 *(.debug_funcnames)

.debug_typenames
 *(.debug_typenames)

.debug_varnames
 *(.debug_varnames)

.debug_pubtypes
 *(.debug_pubtypes)

.debug_ranges
 *(.debug_ranges)

.debug_macro
 *(.debug_macro)

.debug_addr
 *(.debug_addr)

.gnu.attributes
 *(.gnu.attributes)

/DISCARD/
 *(.note.GNU-stack)
 *(.gnu_debuglink)
 *(.gnu.lto_*)
OUTPUT(a.out elf64-x86-64)
